// Jest Snapshot v1, https://goo.gl/fbAQLP

exports[`tests for the component AllProducts, a.k.a. Home page admin functionalities tests should render a div saying that there are no products for The [Admin] 1`] = `"<div class=\\"content-wrapper\\"><div class=\\"no-products-container\\"><div class=\\"no-products-text-container\\"><h1>Our products are so desired that we could not predict we would run out of stock this soon..</h1><h2>Sorry!</h2></div><div class=\\"no-products-img\\"></div></div></div>"`;

exports[`tests for the component AllProducts, a.k.a. Home page admin functionalities tests should render one product with links for [like][edit][delete] and [add to cart] below for The [Admin] 1`] = `"<div class=\\"content-wrapper\\"><div><label for=\\"search\\">Find your milkshake..</label><input name=\\"search\\" type=\\"text\\" id=\\"search\\"></div><div class=\\"product-wrapper\\"><a class=\\"product-title\\" href=\\"/product/details/1\\">Tova e title</a><a href=\\"/product/details/1\\"><img src=\\"data:image/png;base64, img\\" alt=\\"Tova e title\\" class=\\"product-img\\"></a><div class=\\"product-actions\\"><span class=\\"product-price\\">Price: 5<span class=\\"price-sign\\">$</span></span><span class=\\"product-likes\\">3 ♥</span><a class=\\"product-actions-btn\\" href=\\"/product/like/1\\">like</a><a class=\\"product-actions-btn\\" href=\\"/product/edit/1\\">edit</a><a class=\\"product-actions-btn\\" href=\\"/product/delete/1\\">delete</a><a class=\\"product-actions-btn add-to-cart-btn\\" href=\\"/cart/add/1\\">add to cart</a></div></div></div>"`;

exports[`tests for the component AllProducts, a.k.a. Home page admin functionalities tests should render three products with links for [like][edit][delete] and [add to cart] below for The [Admin] 1`] = `"<div class=\\"content-wrapper\\"><div><label for=\\"search\\">Find your milkshake..</label><input name=\\"search\\" type=\\"text\\" id=\\"search\\"></div><div class=\\"product-wrapper\\"><a class=\\"product-title\\" href=\\"/product/details/1\\">Tova e title</a><a href=\\"/product/details/1\\"><img src=\\"data:image/png;base64, img\\" alt=\\"Tova e title\\" class=\\"product-img\\"></a><div class=\\"product-actions\\"><span class=\\"product-price\\">Price: 5<span class=\\"price-sign\\">$</span></span><span class=\\"product-likes\\">3 ♥</span><a class=\\"product-actions-btn\\" href=\\"/product/like/1\\">like</a><a class=\\"product-actions-btn\\" href=\\"/product/edit/1\\">edit</a><a class=\\"product-actions-btn\\" href=\\"/product/delete/1\\">delete</a><a class=\\"product-actions-btn add-to-cart-btn\\" href=\\"/cart/add/1\\">add to cart</a></div></div><div class=\\"product-wrapper\\"><a class=\\"product-title\\" href=\\"/product/details/2\\">Tova e title 2</a><a href=\\"/product/details/2\\"><img src=\\"data:image/png;base64, img-2\\" alt=\\"Tova e title 2\\" class=\\"product-img\\"></a><div class=\\"product-actions\\"><span class=\\"product-price\\">Price: 6<span class=\\"price-sign\\">$</span></span><span class=\\"product-likes\\">2 ♥</span><a class=\\"product-actions-btn\\" href=\\"/product/like/2\\">like</a><a class=\\"product-actions-btn\\" href=\\"/product/edit/2\\">edit</a><a class=\\"product-actions-btn\\" href=\\"/product/delete/2\\">delete</a><a class=\\"product-actions-btn add-to-cart-btn\\" href=\\"/cart/add/2\\">add to cart</a></div></div><div class=\\"product-wrapper\\"><a class=\\"product-title\\" href=\\"/product/details/3\\">Tova e title 3</a><a href=\\"/product/details/3\\"><img src=\\"data:image/png;base64, img-3\\" alt=\\"Tova e title 3\\" class=\\"product-img\\"></a><div class=\\"product-actions\\"><span class=\\"product-price\\">Price: 3.8<span class=\\"price-sign\\">$</span></span><span class=\\"product-likes\\">1 ♥</span><a class=\\"product-actions-btn\\" href=\\"/product/like/3\\">like</a><a class=\\"product-actions-btn\\" href=\\"/product/edit/3\\">edit</a><a class=\\"product-actions-btn\\" href=\\"/product/delete/3\\">delete</a><a class=\\"product-actions-btn add-to-cart-btn\\" href=\\"/cart/add/3\\">add to cart</a></div></div></div>"`;

exports[`tests for the component AllProducts, a.k.a. Home page guest functionalities tests should render a div saying that there are no products for all [guests] 1`] = `"<div class=\\"content-wrapper\\"><div class=\\"no-products-container\\"><div class=\\"no-products-text-container\\"><h1>Our products are so desired that we could not predict we would run out of stock this soon..</h1><h2>Sorry!</h2></div><div class=\\"no-products-img\\"></div></div></div>"`;

exports[`tests for the component AllProducts, a.k.a. Home page guest functionalities tests should render one product without any links below it for all [guests] 1`] = `"<div class=\\"content-wrapper\\"><div><label for=\\"search\\">Find your milkshake..</label><input name=\\"search\\" type=\\"text\\" id=\\"search\\"></div><div class=\\"product-wrapper\\"><a class=\\"product-title\\" href=\\"/product/details/1\\">Tova e title</a><a href=\\"/product/details/1\\"><img src=\\"data:image/png;base64, img\\" alt=\\"Tova e title\\" class=\\"product-img\\"></a><div class=\\"product-actions\\"><span class=\\"product-price\\">Price: 5<span class=\\"price-sign\\">$</span></span><span class=\\"product-likes\\">3 ♥</span></div></div></div>"`;

exports[`tests for the component AllProducts, a.k.a. Home page guest functionalities tests should render three products without any links below it for all [guests] 1`] = `"<div class=\\"content-wrapper\\"><div><label for=\\"search\\">Find your milkshake..</label><input name=\\"search\\" type=\\"text\\" id=\\"search\\"></div><div class=\\"product-wrapper\\"><a class=\\"product-title\\" href=\\"/product/details/1\\">Tova e title</a><a href=\\"/product/details/1\\"><img src=\\"data:image/png;base64, img\\" alt=\\"Tova e title\\" class=\\"product-img\\"></a><div class=\\"product-actions\\"><span class=\\"product-price\\">Price: 5<span class=\\"price-sign\\">$</span></span><span class=\\"product-likes\\">3 ♥</span></div></div><div class=\\"product-wrapper\\"><a class=\\"product-title\\" href=\\"/product/details/2\\">Tova e title 2</a><a href=\\"/product/details/2\\"><img src=\\"data:image/png;base64, img-2\\" alt=\\"Tova e title 2\\" class=\\"product-img\\"></a><div class=\\"product-actions\\"><span class=\\"product-price\\">Price: 6<span class=\\"price-sign\\">$</span></span><span class=\\"product-likes\\">2 ♥</span></div></div><div class=\\"product-wrapper\\"><a class=\\"product-title\\" href=\\"/product/details/3\\">Tova e title 3</a><a href=\\"/product/details/3\\"><img src=\\"data:image/png;base64, img-3\\" alt=\\"Tova e title 3\\" class=\\"product-img\\"></a><div class=\\"product-actions\\"><span class=\\"product-price\\">Price: 3.8<span class=\\"price-sign\\">$</span></span><span class=\\"product-likes\\">1 ♥</span></div></div></div>"`;

exports[`tests for the component AllProducts, a.k.a. Home page user functionalities tests should render a div saying that there are no products for all [users] 1`] = `"<div class=\\"content-wrapper\\"><div class=\\"no-products-container\\"><div class=\\"no-products-text-container\\"><h1>Our products are so desired that we could not predict we would run out of stock this soon..</h1><h2>Sorry!</h2></div><div class=\\"no-products-img\\"></div></div></div>"`;

exports[`tests for the component AllProducts, a.k.a. Home page user functionalities tests should render one product with links for [like] and [add to cart] below for all [users] 1`] = `"<div class=\\"content-wrapper\\"><div><label for=\\"search\\">Find your milkshake..</label><input name=\\"search\\" type=\\"text\\" id=\\"search\\"></div><div class=\\"product-wrapper\\"><a class=\\"product-title\\" href=\\"/product/details/1\\">Tova e title</a><a href=\\"/product/details/1\\"><img src=\\"data:image/png;base64, img\\" alt=\\"Tova e title\\" class=\\"product-img\\"></a><div class=\\"product-actions\\"><span class=\\"product-price\\">Price: 5<span class=\\"price-sign\\">$</span></span><span class=\\"product-likes\\">3 ♥</span><a class=\\"product-actions-btn\\" href=\\"/product/like/1\\">like</a><a class=\\"product-actions-btn add-to-cart-btn\\" href=\\"/cart/add/1\\">add to cart</a></div></div></div>"`;

exports[`tests for the component AllProducts, a.k.a. Home page user functionalities tests should render three products with links for [like] and [add to cart] below for all [users] 1`] = `"<div class=\\"content-wrapper\\"><div><label for=\\"search\\">Find your milkshake..</label><input name=\\"search\\" type=\\"text\\" id=\\"search\\"></div><div class=\\"product-wrapper\\"><a class=\\"product-title\\" href=\\"/product/details/1\\">Tova e title</a><a href=\\"/product/details/1\\"><img src=\\"data:image/png;base64, img\\" alt=\\"Tova e title\\" class=\\"product-img\\"></a><div class=\\"product-actions\\"><span class=\\"product-price\\">Price: 5<span class=\\"price-sign\\">$</span></span><span class=\\"product-likes\\">3 ♥</span><a class=\\"product-actions-btn\\" href=\\"/product/like/1\\">like</a><a class=\\"product-actions-btn add-to-cart-btn\\" href=\\"/cart/add/1\\">add to cart</a></div></div><div class=\\"product-wrapper\\"><a class=\\"product-title\\" href=\\"/product/details/2\\">Tova e title 2</a><a href=\\"/product/details/2\\"><img src=\\"data:image/png;base64, img-2\\" alt=\\"Tova e title 2\\" class=\\"product-img\\"></a><div class=\\"product-actions\\"><span class=\\"product-price\\">Price: 6<span class=\\"price-sign\\">$</span></span><span class=\\"product-likes\\">2 ♥</span><a class=\\"product-actions-btn\\" href=\\"/product/like/2\\">like</a><a class=\\"product-actions-btn add-to-cart-btn\\" href=\\"/cart/add/2\\">add to cart</a></div></div><div class=\\"product-wrapper\\"><a class=\\"product-title\\" href=\\"/product/details/3\\">Tova e title 3</a><a href=\\"/product/details/3\\"><img src=\\"data:image/png;base64, img-3\\" alt=\\"Tova e title 3\\" class=\\"product-img\\"></a><div class=\\"product-actions\\"><span class=\\"product-price\\">Price: 3.8<span class=\\"price-sign\\">$</span></span><span class=\\"product-likes\\">1 ♥</span><a class=\\"product-actions-btn\\" href=\\"/product/like/3\\">like</a><a class=\\"product-actions-btn add-to-cart-btn\\" href=\\"/cart/add/3\\">add to cart</a></div></div></div>"`;
