// Jest Snapshot v1, https://goo.gl/fbAQLP

exports[`tests for the component CreateProduct tests for admin functionalities should render a form for creating a product with empty fields 1`] = `"<div class=\\"form\\"><form enctype=\\"multipart/form-data\\"><div class=\\"form-type\\">Add a product</div><hr><div class=\\"form-fields-wrapper\\"><label for=\\"title\\">Title</label><input type=\\"text\\" name=\\"title\\" class=\\"\\" id=\\"title\\" value=\\"\\"><label for=\\"description\\">Description</label><textarea type=\\"text\\" name=\\"description\\" class=\\"\\" id=\\"description\\"></textarea><div class=\\"update-img-container\\"><label class=\\"input-file-container\\" for=\\"image\\"><div class=\\"upload-img-text-wrapper\\"><span class=\\"upload-img-text\\">Upload an image</span><img class=\\"update-img\\" style=\\"left: 20%; top: 5%;\\" src=\\"update-pic.png\\" alt=\\"update-product\\"></div><div class=\\"img-visualiser\\"><img src=\\"create-product-img.png\\" class=\\"add-product-img opacity-img\\" alt=\\"product-img\\"></div></label><input type=\\"file\\" accept=\\"image/*\\" name=\\"image\\" id=\\"image\\" class=\\"\\"></div><label for=\\"price\\">Price</label><input type=\\"number\\" name=\\"price\\" class=\\"\\" id=\\"price\\" min=\\"0\\" step=\\"0.01\\" value=\\"\\"></div><hr><button class=\\"button\\" type=\\"submit\\">Submit</button></form></div>"`;
