// Jest Snapshot v1, https://goo.gl/fbAQLP

exports[`tests for the component UserRegister guest functionalities should render the register form with empty fields 1`] = `"<div class=\\"form\\"><form><div class=\\"form-type\\">Register</div><hr><div class=\\"form-fields-wrapper\\"><label for=\\"username\\">Username</label><input name=\\"username\\" class=\\"\\" type=\\"text\\" id=\\"username\\" value=\\"\\"><label for=\\"password\\">Password</label><input name=\\"password\\" class=\\"\\" type=\\"password\\" id=\\"password\\" value=\\"\\"><label for=\\"repeat-password\\">Repeat password</label><input name=\\"repeatPassword\\" class=\\"\\" type=\\"password\\" id=\\"repeat-password\\" value=\\"\\"></div><button class=\\"button\\" type=\\"submit\\">Submit</button></form></div>"`;
